





















yc-user@epdru85ue5hndogip4ck:~/infra_sprint1$ ls
backend  frontend  kittygram_site.txt  package-lock.json  pytest.ini  README.md  requirements.txt  tests
yc-user@epdru85ue5hndogip4ck:~/infra_sprint1$ ls
backend  frontend  kittygram_site.txt  package-lock.json  pytest.ini  README.md  requirements.txt  tests
yc-user@epdru85ue5hndogip4ck:~/infra_sprint1$ ls
backend  frontend  kittygram_site.txt  package-lock.json  pytest.ini  README.md  requirements.txt  tests
yc-user@epdru85ue5hndogip4ck:~/infra_sprint1$ ^[[200~sudo nano /etc/nginx/sites-enabled/default~
sudo: command not found
yc-user@epdru85ue5hndogip4ck:~/infra_sprint1$ sudo nano /etc/nginx/sites-enabled/default
yc-user@epdru85ue5hndogip4ck:~/infra_sprint1$ ls
backend  frontend  kittygram_site.txt  package-lock.json  pytest.ini  README.md  requirements.txt  tests
yc-user@epdru85ue5hndogip4ck:~/infra_sprint1$ sudo rm kittygram_site.txt 
yc-user@epdru85ue5hndogip4ck:~/infra_sprint1$ ls
backend  frontend  package-lock.json  pytest.ini  README.md  requirements.txt  tests
yc-user@epdru85ue5hndogip4ck:~/infra_sprint1$ ls
backend  frontend  package-lock.json  pytest.ini  README.md  requirements.txt  tests
yc-user@epdru85ue5hndogip4ck:~/infra_sprint1$ sudo mkdir infra
yc-user@epdru85ue5hndogip4ck:~/infra_sprint1$ cd infra/
yc-user@epdru85ue5hndogip4ck:~/infra_sprint1/infra$ ls
yc-user@epdru85ue5hndogip4ck:~/infra_sprint1/infra$ nano kittygram_site.txt
































IP: 158.160.30.245;
name_taski: https://maksimtaskiyandex.zapto.org;
name_kittygram: https://maksiminfrasprint1.zapto.org;
login: maksim;
password: dotan228;
